// Jest Snapshot v1, https://goo.gl/fbAQLP

exports[`codegen element 1`] = `
"import { createElementVNode:_createElementVNode } from Vue
return function render(_ctx,_cache){return _createElementVNode(\\"div\\", null, null)}"
`;

exports[`codegen element-all 1`] = `
"import { toDisplayString:_toDisplayString,createElementVNode:_createElementVNode } from Vue
return function render(_ctx,_cache){return _createElementVNode(\\"div\\", null, 'hi,' + _toDisplayString(_ctx.message))}"
`;

exports[`codegen interpolation 1`] = `
"import { toDisplayString:_toDisplayString } from Vue
return function render(_ctx,_cache){return _toDisplayString(_ctx.message)}"
`;

exports[`codegen string 1`] = `
"
return function render(_ctx,_cache){return 'hi'}"
`;
